Copyright 1986-1999, 2001-2013 Xilinx, Inc. All Rights Reserved.
---------------------------------------------------------------------------------------------------------
| Tool Version : Vivado v.2013.4 (win64) Build 353583 Mon Dec  9 17:49:19 MST 2013
| Date         : Tue May 13 10:38:17 2014
| Host         : CSE-4225-14 running 64-bit Service Pack 1  (build 7601)
| Command      : report_utilization -file leon3mp_utilization_synth.rpt -pb leon3mp_utilization_synth.pb
| Design       : leon3mp
| Device       : xc7a100t
| Design State : Synthesized
---------------------------------------------------------------------------------------------------------

Utilization Design Information

Table of Contents
-----------------
1. Slice Logic
2. Memory
3. DSP
4. IO and GTX Specific
5. Clocking
6. Specific Feature
7. Primitives
8. Black Boxes
9. Instantiated Netlists

1. Slice Logic
--------------

+----------------------------+-------+-------+-----------+-------+
|          Site Type         |  Used | Loced | Available | Util% |
+----------------------------+-------+-------+-----------+-------+
| Slice LUTs*                | 15696 |     0 |     63400 | 24.75 |
|   LUT as Logic             | 15613 |     0 |     63400 | 24.62 |
|   LUT as Memory            |    83 |     0 |     19000 |  0.43 |
|     LUT as Distributed RAM |    72 |     0 |           |       |
|     LUT as Shift Register  |    11 |     0 |           |       |
| Slice Registers            | 12873 |     0 |    126800 | 10.15 |
|   Register as Flip Flop    | 12694 |     0 |    126800 | 10.01 |
|   Register as Latch        |   179 |     0 |    126800 |  0.14 |
| F7 Muxes                   |  1163 |     0 |     31700 |  3.66 |
| F8 Muxes                   |   467 |     0 |     15850 |  2.94 |
+----------------------------+-------+-------+-----------+-------+
* Warning! The Final LUT count, after physical optimizations and full implementation, is typically lower. Run opt_design after synthesis for a more realistic count.


2. Memory
---------

+-------------------+------+-------+-----------+-------+
|     Site Type     | Used | Loced | Available | Util% |
+-------------------+------+-------+-----------+-------+
| Block RAM Tile    |   19 |     0 |       135 | 14.07 |
|   RAMB36/FIFO*    |   13 |     0 |       135 |  9.62 |
|     RAMB36E1 only |   13 |       |           |       |
|   RAMB18          |   12 |     0 |       270 |  4.44 |
|     RAMB18E1 only |   12 |       |           |       |
+-------------------+------+-------+-----------+-------+
* Note: Each Block RAM Tile only has one FIFO logic available and therefore can accommodate only one FIFO36E1 or one FIFO18E1. However, if a FIFO18E1 occupies a Block RAM Tile, that tile can still accommodate a RAMB18E1


3. DSP
------

+----------------+------+-------+-----------+-------+
|    Site Type   | Used | Loced | Available | Util% |
+----------------+------+-------+-----------+-------+
| DSPs           |   12 |     0 |       240 |  5.00 |
|   DSP48E1 only |   12 |       |           |       |
+----------------+------+-------+-----------+-------+


4. IO and GTX Specific
----------------------

+-----------------------------+------+-------+-----------+-------+
|          Site Type          | Used | Loced | Available | Util% |
+-----------------------------+------+-------+-----------+-------+
| Bonded IOB                  |  149 |     0 |       210 | 70.95 |
| Bonded IPADs                |    0 |     0 |         2 |  0.00 |
| IBUFGDS                     |    0 |     0 |       202 |  0.00 |
| IDELAYCTRL                  |    0 |     0 |         6 |  0.00 |
| IN_FIFO                     |    0 |     0 |        24 |  0.00 |
| OUT_FIFO                    |    0 |     0 |        24 |  0.00 |
| PHASER_REF                  |    0 |     0 |         6 |  0.00 |
| PHY_CONTROL                 |    0 |     0 |         6 |  0.00 |
| PHASER_OUT/PHASER_OUT_PHY   |    0 |     0 |        24 |  0.00 |
| PHASER_IN/PHASER_IN_PHY     |    0 |     0 |        24 |  0.00 |
| IDELAYE2/IDELAYE2_FINEDELAY |    0 |     0 |       300 |  0.00 |
| ODELAYE2/ODELAYE2_FINEDELAY |    0 |     0 |         0 |  0.00 |
| IBUFDS_GTE2                 |    0 |     0 |         4 |  0.00 |
| ILOGIC                      |    0 |     0 |       210 |  0.00 |
| OLOGIC                      |    0 |     0 |       210 |  0.00 |
+-----------------------------+------+-------+-----------+-------+


5. Clocking
-----------

+------------+------+-------+-----------+-------+
|  Site Type | Used | Loced | Available | Util% |
+------------+------+-------+-----------+-------+
| BUFGCTRL   |    8 |     0 |        32 | 25.00 |
| BUFIO      |    0 |     0 |        24 |  0.00 |
| MMCME2_ADV |    0 |     0 |         6 |  0.00 |
| PLLE2_ADV  |    2 |     0 |         6 | 33.33 |
| BUFMRCE    |    0 |     0 |        12 |  0.00 |
| BUFHCE     |    0 |     0 |        96 |  0.00 |
| BUFR       |    0 |     0 |        24 |  0.00 |
+------------+------+-------+-----------+-------+


6. Specific Feature
-------------------

+-------------+------+-------+-----------+-------+
|  Site Type  | Used | Loced | Available | Util% |
+-------------+------+-------+-----------+-------+
| BSCANE2     |    0 |     0 |         4 |  0.00 |
| CAPTUREE2   |    0 |     0 |         1 |  0.00 |
| DNA_PORT    |    0 |     0 |         1 |  0.00 |
| EFUSE_USR   |    0 |     0 |         1 |  0.00 |
| FRAME_ECCE2 |    0 |     0 |         1 |  0.00 |
| ICAPE2      |    0 |     0 |         2 |  0.00 |
| PCIE_2_1    |    0 |     0 |         1 |  0.00 |
| STARTUPE2   |    0 |     0 |         1 |  0.00 |
| XADC        |    0 |     0 |         1 |  0.00 |
+-------------+------+-------+-----------+-------+


7. Primitives
-------------

+-----------+------+
|  Ref Name | Used |
+-----------+------+
| LUT6      | 8482 |
| FDCE      | 7224 |
| FDRE      | 5254 |
| LUT5      | 3338 |
| LUT4      | 1724 |
| LUT3      | 1441 |
| LUT1      | 1179 |
| MUXF7     | 1163 |
| LUT2      | 1060 |
| CARRY4    |  484 |
| MUXF8     |  467 |
| LDCE      |  179 |
| FDSE      |  113 |
| RAMD32    |  108 |
| IBUF      |  107 |
| FDPE      |  103 |
| OBUFT     |  102 |
| OBUF      |   40 |
| RAMS32    |   36 |
| RAMB36E1  |   13 |
| RAMB18E1  |   12 |
| DSP48E1   |   12 |
| SRL16E    |   11 |
| BUFG      |    8 |
| PLLE2_ADV |    2 |
+-----------+------+


8. Black Boxes
--------------

+------------+------+
|  Ref Name  | Used |
+------------+------+
| xadc_wiz_0 |    1 |
+------------+------+


9. Instantiated Netlists
------------------------

+----------+------+
| Ref Name | Used |
+----------+------+


