Copyright 1986-1999, 2001-2013 Xilinx, Inc. All Rights Reserved.
--------------------------------------------------------------------------------------------------------------
| Tool Version : Vivado v.2013.4 (win64) Build 353583 Mon Dec  9 17:49:19 MST 2013
| Date         : Fri Apr 04 16:24:26 2014
| Host         : XDAT26 running 64-bit Service Pack 1  (build 7601)
| Command      : report_timing_summary -file ADDA_timing_summary_routed.rpt -pb ADDA_timing_summary_routed.pb
| Design       : ADDA
| Device       : 7a100t-csg324
| Speed File   : -1  PRODUCTION 1.11 2013-11-22
--------------------------------------------------------------------------------------------------------------

Timing Summary Report

------------------------------------------------------------------------------------------------
| Timer Settings
| --------------
------------------------------------------------------------------------------------------------

  Enable Multi Corner Analysis               :  Yes
  Enable Pessimism Removal                   :  Yes
  Pessimism Removal Resolution               :  Nearest Common Node
  Enable Input Delay Default Clock           :  No
  Enable Preset / Clear Arcs                 :  No
  Disable Flight Delays                      :  No

  Corner  Analyze    Analyze    
  Name    Max Paths  Min Paths  
  ------  ---------  ---------  
  Slow    Yes        Yes        
  Fast    Yes        Yes        


------------------------------------------------------------------------------------------------
| Check Timing
| ------------
------------------------------------------------------------------------------------------------


Checking 'no_clock'.
 There are 0 register/latch pins with constant_clock.
 There is 1 register/latch pin with no clock driven by: PWM_component/PWM_sample_reg[0]_LDC_i_1/O and possible clock pin by: AD_data_signal_reg[6]/Q reset 
 There is 1 register/latch pin with no clock driven by: PWM_component/PWM_sample_reg[1]_LDC_i_1/O and possible clock pin by: AD_data_signal_reg[7]/Q reset 
 There is 1 register/latch pin with no clock driven by: PWM_component/PWM_sample_reg[2]_LDC_i_1/O and possible clock pin by: AD_data_signal_reg[8]/Q reset 
 There is 1 register/latch pin with no clock driven by: PWM_component/PWM_sample_reg[3]_LDC_i_1/O and possible clock pin by: AD_data_signal_reg[9]/Q reset 
 There is 1 register/latch pin with no clock driven by: PWM_component/PWM_sample_reg[4]_LDC_i_1/O and possible clock pin by: AD_data_signal_reg[10]/Q reset 
 There is 1 register/latch pin with no clock driven by: PWM_component/PWM_sample_reg[5]_LDC_i_1/O and possible clock pin by: AD_data_signal_reg[11]/Q reset 
 There is 1 register/latch pin with no clock driven by: PWM_component/PWM_sample_reg[6]_LDC_i_1/O and possible clock pin by: AD_data_signal_reg[12]/Q reset 
 There is 1 register/latch pin with no clock driven by: PWM_component/PWM_sample_reg[7]_LDC_i_1/O and possible clock pin by: AD_data_signal_reg[13]/Q reset 
 There is 1 register/latch pin with no clock driven by: PWM_component/PWM_sample_reg[8]_LDC_i_1/O and possible clock pin by: AD_data_signal_reg[14]/Q reset 
 There is 1 register/latch pin with no clock driven by: PWM_component/PWM_sample_reg[9]_LDC_i_1/O and possible clock pin by: AD_data_signal_reg[15]/Q reset 

Checking 'unconstrained_internal_endpoints'.
 There are 61 pins that are not constrained for maximum delay.
 There are 0 pins that are not constrained for maximum delay due to constant clock.

Checking 'no_input_delay'.
 There is 1 input port with no input delay specified.

Checking 'no_output_delay'.
 There are 17 ports with no output delay specified.

Checking 'multiple_clock'.
 There are 0 register/latch pins with related clocks.
 There are 0 register/latch pins with exclusive clocks.

Checking 'generated_clocks'.
 There are 0 generated clocks that are not connected to a clock source.

Checking 'loops'.
 There are 0 combinational loops in the design.

Checking 'partial_input_delay'.
 There are 0 input ports with partial input delay specified.

Checking 'partial_output_delay'.
 There are 0 ports with partial output delay specified.

Checking 'unexpandable_clocks'.
 There are 0 related clock pairs.
 There are 0 User Ignored clock pairs.

Checking 'latch_loops'.
 There are 0 combinational latch loops in the design through latch input

------------------------------------------------------------------------------------------------
| Design Timing Summary
| ---------------------
------------------------------------------------------------------------------------------------

    WNS(ns)      TNS(ns)  TNS Failing Endpoints  TNS Total Endpoints      WHS(ns)      THS(ns)  THS Failing Endpoints  THS Total Endpoints     WPWS(ns)     TPWS(ns)  TPWS Failing Endpoints  TPWS Total Endpoints  
    -------      -------  ---------------------  -------------------      -------      -------  ---------------------  -------------------     --------     --------  ----------------------  --------------------  
      5.989        0.000                      0                  100        0.242        0.000                      0                  100        4.500        0.000                       0                    52  


All user specified timing constraints are met.


------------------------------------------------------------------------------------------------
| Clock Summary
| -------------
------------------------------------------------------------------------------------------------

Clock        Waveform(ns)       Period(ns)      Frequency(MHz)
-----        ------------       ----------      --------------
sys_clk_pin  {0.000 5.000}      10.000          100.000         


------------------------------------------------------------------------------------------------
| Intra Clock Table
| -----------------
------------------------------------------------------------------------------------------------

Clock             WNS(ns)      TNS(ns)  TNS Failing Endpoints  TNS Total Endpoints      WHS(ns)      THS(ns)  THS Failing Endpoints  THS Total Endpoints     WPWS(ns)     TPWS(ns)  TPWS Failing Endpoints  TPWS Total Endpoints  
-----             -------      -------  ---------------------  -------------------      -------      -------  ---------------------  -------------------     --------     --------  ----------------------  --------------------  
sys_clk_pin         5.989        0.000                      0                   80        0.242        0.000                      0                   80        4.500        0.000                       0                    52  


------------------------------------------------------------------------------------------------
| Inter Clock Table
| -----------------
------------------------------------------------------------------------------------------------

From Clock    To Clock          WNS(ns)      TNS(ns)  TNS Failing Endpoints  TNS Total Endpoints      WHS(ns)      THS(ns)  THS Failing Endpoints  THS Total Endpoints  
----------    --------          -------      -------  ---------------------  -------------------      -------      -------  ---------------------  -------------------  


------------------------------------------------------------------------------------------------
| Other Path Groups Table
| -----------------------
------------------------------------------------------------------------------------------------

Path Group         From Clock         To Clock               WNS(ns)      TNS(ns)  TNS Failing Endpoints  TNS Total Endpoints      WHS(ns)      THS(ns)  THS Failing Endpoints  THS Total Endpoints  
----------         ----------         --------               -------      -------  ---------------------  -------------------      -------      -------  ---------------------  -------------------  
**async_default**  sys_clk_pin        sys_clk_pin              6.031        0.000                      0                   20        0.715        0.000                      0                   20  


------------------------------------------------------------------------------------------------
| Timing Details
| --------------
------------------------------------------------------------------------------------------------


---------------------------------------------------------------------------------------------------
From Clock:  sys_clk_pin
  To Clock:  sys_clk_pin

Setup :            0  Failing Endpoints,  Worst Slack        5.989ns,  Total Violation        0.000ns
Hold  :            0  Failing Endpoints,  Worst Slack        0.242ns,  Total Violation        0.000ns
PW    :            0  Failing Endpoints,  Worst Slack        4.500ns,  Total Violation        0.000ns
---------------------------------------------------------------------------------------------------


Max Delay Paths
--------------------------------------------------------------------------------------
Slack (MET) :             5.989ns  (required time - arrival time)
  Source:                 PWM_component/PWM_counter_reg[1]/C
                            (rising edge-triggered cell FDCE clocked by sys_clk_pin  {rise@0.000ns fall@5.000ns period=10.000ns})
  Destination:            PWM_component/PWM_sample_reg[5]_P/CE
                            (rising edge-triggered cell FDPE clocked by sys_clk_pin  {rise@0.000ns fall@5.000ns period=10.000ns})
  Path Group:             sys_clk_pin
  Path Type:              Setup (Max at Slow Process Corner)
  Requirement:            10.000ns  (sys_clk_pin rise@10.000ns - sys_clk_pin rise@0.000ns)
  Data Path Delay:        3.727ns  (logic 1.078ns (28.926%)  route 2.649ns (71.074%))
  Logic Levels:           2  (LUT4=2)
  Clock Path Skew:        -0.044ns (DCD - SCD + CPR)
    Destination Clock Delay (DCD):    4.704ns = ( 14.704 - 10.000 ) 
    Source Clock Delay      (SCD):    5.000ns
    Clock Pessimism Removal (CPR):    0.252ns
  Clock Uncertainty:      0.035ns  ((TSJ^2 + TIJ^2)^1/2 + DJ) / 2 + PE
    Total System Jitter     (TSJ):    0.071ns
    Total Input Jitter      (TIJ):    0.000ns
    Discrete Jitter          (DJ):    0.000ns
    Phase Error              (PE):    0.000ns

    Location             Delay type                Incr(ns)  Path(ns)    Netlist Resource(s)
  -------------------------------------------------------------------    -------------------
                         (clock sys_clk_pin rise edge)
                                                      0.000     0.000 r  
    E3                                                0.000     0.000 r  clk
                         net (fo=0)                   0.000     0.000    clk
    E3                   IBUF (Prop_ibuf_I_O)         1.482     1.482 r  IBUF/O
                         net (fo=1, routed)           1.780     3.262    xlnx_opt_
    BUFGCTRL_X0Y16       BUFG (Prop_bufg_I_O)         0.096     3.358 r  clk_BUFG_inst/O
                         net (fo=51, routed)          1.641     5.000    PWM_component/CLK
    SLICE_X32Y94                                                      r  PWM_component/PWM_counter_reg[1]/C
  -------------------------------------------------------------------    -------------------
    SLICE_X32Y94         FDCE (Prop_fdce_C_Q)         0.419     5.419 r  PWM_component/PWM_counter_reg[1]/Q
                         net (fo=8, routed)           1.172     6.591    PWM_component/PWM_counter[1]
    SLICE_X33Y92         LUT4 (Prop_lut4_I1_O)        0.327     6.918 r  PWM_component/PWM_sample[9]_P_i_2/O
                         net (fo=15, routed)          0.787     7.705    PWM_component/n_0_PWM_sample[9]_P_i_2
    SLICE_X30Y95         LUT4 (Prop_lut4_I1_O)        0.332     8.037 r  PWM_component/PWM_sample[9]_P_i_1/O
                         net (fo=10, routed)          0.689     8.726    PWM_component/n_0_PWM_sample[9]_P_i_1
    SLICE_X35Y92         FDPE                                         r  PWM_component/PWM_sample_reg[5]_P/CE
  -------------------------------------------------------------------    -------------------

                         (clock sys_clk_pin rise edge)
                                                     10.000    10.000 r  
    E3                                                0.000    10.000 r  clk
                         net (fo=0)                   0.000    10.000    clk
    E3                   IBUF (Prop_ibuf_I_O)         1.411    11.411 r  IBUF/O
                         net (fo=1, routed)           1.683    13.094    xlnx_opt_
    BUFGCTRL_X0Y16       BUFG (Prop_bufg_I_O)         0.091    13.185 r  clk_BUFG_inst/O
                         net (fo=51, routed)          1.518    14.704    PWM_component/CLK
    SLICE_X35Y92                                                      r  PWM_component/PWM_sample_reg[5]_P/C
                         clock pessimism              0.252    14.956    
                         clock uncertainty           -0.035    14.920    
    SLICE_X35Y92         FDPE (Setup_fdpe_C_CE)      -0.205    14.715    PWM_component/PWM_sample_reg[5]_P
  -------------------------------------------------------------------
                         required time                         14.715    
                         arrival time                          -8.726    
  -------------------------------------------------------------------
                         slack                                  5.989    





Min Delay Paths
--------------------------------------------------------------------------------------
Slack (MET) :             0.242ns  (arrival time - required time)
  Source:                 PWM_component/PWM_counter_reg[8]/C
                            (rising edge-triggered cell FDCE clocked by sys_clk_pin  {rise@0.000ns fall@5.000ns period=10.000ns})
  Destination:            PWM_component/PWM_sample_reg[9]_C/D
                            (rising edge-triggered cell FDCE clocked by sys_clk_pin  {rise@0.000ns fall@5.000ns period=10.000ns})
  Path Group:             sys_clk_pin
  Path Type:              Hold (Min at Fast Process Corner)
  Requirement:            0.000ns  (sys_clk_pin rise@0.000ns - sys_clk_pin rise@0.000ns)
  Data Path Delay:        0.346ns  (logic 0.186ns (53.721%)  route 0.160ns (46.279%))
  Logic Levels:           1  (LUT6=1)
  Clock Path Skew:        0.013ns (DCD - SCD - CPR)
    Destination Clock Delay (DCD):    1.911ns
    Source Clock Delay      (SCD):    1.404ns
    Clock Pessimism Removal (CPR):    0.493ns

    Location             Delay type                Incr(ns)  Path(ns)    Netlist Resource(s)
  -------------------------------------------------------------------    -------------------
                         (clock sys_clk_pin rise edge)
                                                      0.000     0.000 r  
    E3                                                0.000     0.000 r  clk
                         net (fo=0)                   0.000     0.000    clk
    E3                   IBUF (Prop_ibuf_I_O)         0.250     0.250 r  IBUF/O
                         net (fo=1, routed)           0.558     0.808    xlnx_opt_
    BUFGCTRL_X0Y16       BUFG (Prop_bufg_I_O)         0.026     0.834 r  clk_BUFG_inst/O
                         net (fo=51, routed)          0.571     1.404    PWM_component/CLK
    SLICE_X32Y96                                                      r  PWM_component/PWM_counter_reg[8]/C
  -------------------------------------------------------------------    -------------------
    SLICE_X32Y96         FDCE (Prop_fdce_C_Q)         0.141     1.545 r  PWM_component/PWM_counter_reg[8]/Q
                         net (fo=15, routed)          0.160     1.706    PWM_component/PWM_counter[8]
    SLICE_X33Y96         LUT6 (Prop_lut6_I4_O)        0.045     1.751 r  PWM_component/PWM_sample[9]_C_i_1/O
                         net (fo=1, routed)           0.000     1.751    PWM_component/n_0_PWM_sample[9]_C_i_1
    SLICE_X33Y96         FDCE                                         r  PWM_component/PWM_sample_reg[9]_C/D
  -------------------------------------------------------------------    -------------------

                         (clock sys_clk_pin rise edge)
                                                      0.000     0.000 r  
    E3                                                0.000     0.000 r  clk
                         net (fo=0)                   0.000     0.000    clk
    E3                   IBUF (Prop_ibuf_I_O)         0.438     0.438 r  IBUF/O
                         net (fo=1, routed)           0.603     1.040    xlnx_opt_
    BUFGCTRL_X0Y16       BUFG (Prop_bufg_I_O)         0.029     1.069 r  clk_BUFG_inst/O
                         net (fo=51, routed)          0.842     1.911    PWM_component/CLK
    SLICE_X33Y96                                                      r  PWM_component/PWM_sample_reg[9]_C/C
                         clock pessimism             -0.493     1.417    
    SLICE_X33Y96         FDCE (Hold_fdce_C_D)         0.091     1.508    PWM_component/PWM_sample_reg[9]_C
  -------------------------------------------------------------------
                         required time                         -1.508    
                         arrival time                           1.751    
  -------------------------------------------------------------------
                         slack                                  0.242    





Pulse Width Checks
--------------------------------------------------------------------------------------
Clock Name:         sys_clk_pin
Waveform:           { 0 5 }
Period:             10.000
Sources:            { clk }

Check Type        Corner  Lib Pin    Reference Pin  Required  Actual  Slack  Location       Pin
Min Period        n/a     XADC/DCLK  n/a            4.000     10.000  6.000  XADC_X0Y0      XADC_component/U0/DCLK
Low Pulse Width   Fast    FDCE/C     n/a            0.500     5.000   4.500  SLICE_X28Y125  AD_data_signal_reg[0]/C
High Pulse Width  Slow    FDCE/C     n/a            0.500     5.000   4.500  SLICE_X28Y125  AD_data_signal_reg[0]/C



---------------------------------------------------------------------------------------------------
Path Group:  **async_default**
From Clock:  sys_clk_pin
  To Clock:  sys_clk_pin

Setup :            0  Failing Endpoints,  Worst Slack        6.031ns,  Total Violation        0.000ns
Hold  :            0  Failing Endpoints,  Worst Slack        0.715ns,  Total Violation        0.000ns
---------------------------------------------------------------------------------------------------


Max Delay Paths
--------------------------------------------------------------------------------------
Slack (MET) :             6.031ns  (required time - arrival time)
  Source:                 AD_data_signal_reg[15]/C
                            (rising edge-triggered cell FDCE clocked by sys_clk_pin  {rise@0.000ns fall@5.000ns period=10.000ns})
  Destination:            PWM_component/PWM_sample_reg[9]_C/CLR
                            (recovery check against rising-edge clock sys_clk_pin  {rise@0.000ns fall@5.000ns period=10.000ns})
  Path Group:             **async_default**
  Path Type:              Recovery (Max at Slow Process Corner)
  Requirement:            10.000ns  (sys_clk_pin rise@10.000ns - sys_clk_pin rise@0.000ns)
  Data Path Delay:        3.444ns  (logic 0.716ns (20.793%)  route 2.728ns (79.207%))
  Logic Levels:           1  (LUT2=1)
  Clock Path Skew:        -0.086ns (DCD - SCD + CPR)
    Destination Clock Delay (DCD):    4.706ns = ( 14.706 - 10.000 ) 
    Source Clock Delay      (SCD):    4.964ns
    Clock Pessimism Removal (CPR):    0.173ns
  Clock Uncertainty:      0.035ns  ((TSJ^2 + TIJ^2)^1/2 + DJ) / 2 + PE
    Total System Jitter     (TSJ):    0.071ns
    Total Input Jitter      (TIJ):    0.000ns
    Discrete Jitter          (DJ):    0.000ns
    Phase Error              (PE):    0.000ns

    Location             Delay type                Incr(ns)  Path(ns)    Netlist Resource(s)
  -------------------------------------------------------------------    -------------------
                         (clock sys_clk_pin rise edge)
                                                      0.000     0.000 r  
    E3                                                0.000     0.000 r  clk
                         net (fo=0)                   0.000     0.000    clk
    E3                   IBUF (Prop_ibuf_I_O)         1.482     1.482 r  IBUF/O
                         net (fo=1, routed)           1.780     3.262    xlnx_opt_
    BUFGCTRL_X0Y16       BUFG (Prop_bufg_I_O)         0.096     3.358 r  clk_BUFG_inst/O
                         net (fo=51, routed)          1.606     4.964    clk_BUFG
    SLICE_X28Y125                                                     r  AD_data_signal_reg[15]/C
  -------------------------------------------------------------------    -------------------
    SLICE_X28Y125        FDCE (Prop_fdce_C_Q)         0.419     5.383 r  AD_data_signal_reg[15]/Q
                         net (fo=5, routed)           1.903     7.286    PWM_component/Q[9]
    SLICE_X33Y96         LUT2 (Prop_lut2_I1_O)        0.297     7.583 f  PWM_component/PWM_sample_reg[9]_LDC_i_2/O
                         net (fo=2, routed)           0.825     8.408    PWM_component/n_0_PWM_sample_reg[9]_LDC_i_2
    SLICE_X33Y96         FDCE                                         f  PWM_component/PWM_sample_reg[9]_C/CLR
  -------------------------------------------------------------------    -------------------

                         (clock sys_clk_pin rise edge)
                                                     10.000    10.000 r  
    E3                                                0.000    10.000 r  clk
                         net (fo=0)                   0.000    10.000    clk
    E3                   IBUF (Prop_ibuf_I_O)         1.411    11.411 r  IBUF/O
                         net (fo=1, routed)           1.683    13.094    xlnx_opt_
    BUFGCTRL_X0Y16       BUFG (Prop_bufg_I_O)         0.091    13.185 r  clk_BUFG_inst/O
                         net (fo=51, routed)          1.520    14.706    PWM_component/CLK
    SLICE_X33Y96                                                      r  PWM_component/PWM_sample_reg[9]_C/C
                         clock pessimism              0.173    14.879    
                         clock uncertainty           -0.035    14.843    
    SLICE_X33Y96         FDCE (Recov_fdce_C_CLR)     -0.405    14.438    PWM_component/PWM_sample_reg[9]_C
  -------------------------------------------------------------------
                         required time                         14.438    
                         arrival time                          -8.408    
  -------------------------------------------------------------------
                         slack                                  6.031    





Min Delay Paths
--------------------------------------------------------------------------------------
Slack (MET) :             0.715ns  (arrival time - required time)
  Source:                 AD_data_signal_reg[14]/C
                            (rising edge-triggered cell FDCE clocked by sys_clk_pin  {rise@0.000ns fall@5.000ns period=10.000ns})
  Destination:            PWM_component/PWM_sample_reg[8]_C/CLR
                            (removal check against rising-edge clock sys_clk_pin  {rise@0.000ns fall@5.000ns period=10.000ns})
  Path Group:             **async_default**
  Path Type:              Removal (Min at Fast Process Corner)
  Requirement:            0.000ns  (sys_clk_pin rise@0.000ns - sys_clk_pin rise@0.000ns)
  Data Path Delay:        0.912ns  (logic 0.226ns (24.773%)  route 0.686ns (75.227%))
  Logic Levels:           1  (LUT2=1)
  Clock Path Skew:        0.289ns (DCD - SCD - CPR)
    Destination Clock Delay (DCD):    1.911ns
    Source Clock Delay      (SCD):    1.386ns
    Clock Pessimism Removal (CPR):    0.235ns

    Location             Delay type                Incr(ns)  Path(ns)    Netlist Resource(s)
  -------------------------------------------------------------------    -------------------
                         (clock sys_clk_pin rise edge)
                                                      0.000     0.000 r  
    E3                                                0.000     0.000 r  clk
                         net (fo=0)                   0.000     0.000    clk
    E3                   IBUF (Prop_ibuf_I_O)         0.250     0.250 r  IBUF/O
                         net (fo=1, routed)           0.558     0.808    xlnx_opt_
    BUFGCTRL_X0Y16       BUFG (Prop_bufg_I_O)         0.026     0.834 r  clk_BUFG_inst/O
                         net (fo=51, routed)          0.553     1.386    clk_BUFG
    SLICE_X28Y125                                                     r  AD_data_signal_reg[14]/C
  -------------------------------------------------------------------    -------------------
    SLICE_X28Y125        FDCE (Prop_fdce_C_Q)         0.128     1.514 r  AD_data_signal_reg[14]/Q
                         net (fo=5, routed)           0.555     2.070    PWM_component/Q[8]
    SLICE_X31Y95         LUT2 (Prop_lut2_I1_O)        0.098     2.168 f  PWM_component/PWM_sample_reg[8]_LDC_i_2/O
                         net (fo=2, routed)           0.131     2.299    PWM_component/n_0_PWM_sample_reg[8]_LDC_i_2
    SLICE_X31Y95         FDCE                                         f  PWM_component/PWM_sample_reg[8]_C/CLR
  -------------------------------------------------------------------    -------------------

                         (clock sys_clk_pin rise edge)
                                                      0.000     0.000 r  
    E3                                                0.000     0.000 r  clk
                         net (fo=0)                   0.000     0.000    clk
    E3                   IBUF (Prop_ibuf_I_O)         0.438     0.438 r  IBUF/O
                         net (fo=1, routed)           0.603     1.040    xlnx_opt_
    BUFGCTRL_X0Y16       BUFG (Prop_bufg_I_O)         0.029     1.069 r  clk_BUFG_inst/O
                         net (fo=51, routed)          0.842     1.911    PWM_component/CLK
    SLICE_X31Y95                                                      r  PWM_component/PWM_sample_reg[8]_C/C
                         clock pessimism             -0.235     1.675    
    SLICE_X31Y95         FDCE (Remov_fdce_C_CLR)     -0.092     1.583    PWM_component/PWM_sample_reg[8]_C
  -------------------------------------------------------------------
                         required time                         -1.583    
                         arrival time                           2.299    
  -------------------------------------------------------------------
                         slack                                  0.715    





