Copyright 1986-1999, 2001-2013 Xilinx, Inc. All Rights Reserved.
------------------------------------------------------------------------------------
| Tool Version : Vivado v.2013.4 (win64) Build 353583 Mon Dec  9 17:49:19 MST 2013
| Date         : Thu Mar 27 16:06:14 2014
| Host         : XDAT06 running 64-bit Service Pack 1  (build 7601)
| Command      : report_control_sets -verbose -file leon3mp_control_sets_placed.rpt
| Design       : leon3mp
| Device       : xc7a100t
------------------------------------------------------------------------------------

Control Set Information

Table of Contents
-----------------
1. Summary
2. Flip-Flop Distribution
3. Detailed Control Set Information

1. Summary
----------

+-------------------------------------------------------------------+-------+
|                               Status                              | Count |
+-------------------------------------------------------------------+-------+
| Number of unique control sets                                     |   151 |
| Minimum Number of register sites lost to control set restrictions |   332 |
+-------------------------------------------------------------------+-------+


2. Flip-Flop Distribution
-------------------------

+--------------+-----------------------+------------------------+-----------------+--------------+
| Clock Enable | Synchronous Set/Reset | Asynchronous Set/Reset | Total Registers | Total Slices |
+--------------+-----------------------+------------------------+-----------------+--------------+
| No           | No                    | No                     |            1733 |          748 |
| No           | No                    | Yes                    |              23 |           14 |
| No           | Yes                   | No                     |             186 |          108 |
| Yes          | No                    | No                     |            1874 |          818 |
| Yes          | No                    | Yes                    |              14 |            7 |
| Yes          | Yes                   | No                     |             966 |          414 |
+--------------+-----------------------+------------------------+-----------------+--------------+


3. Detailed Control Set Information
-----------------------------------

+--------------------------------------------------+-------------------------------------------------------------------------+--------------------------------------------------------------+------------------+----------------+
|                   Clock Signal                   |                              Enable Signal                              |                       Set/Reset Signal                       | Slice Load Count | Bel Load Count |
+--------------------------------------------------+-------------------------------------------------------------------------+--------------------------------------------------------------+------------------+----------------+
| ~ahbjtaggen0.ahbjtag0/gtckbuf.tckbuf/xil.xil0/O1 |                                                                         | rst0/p_0_in                                                  |                3 |              3 |
|  clkgen0/xc7l.v/O1                               | mg2.sr1/n_0_r[ws][3]_i_1                                                | rst0/p_0_in                                                  |                4 |              4 |
|  clkgen0/xc7l.v/O1                               | apb0/O93[0]                                                             | rst0/p_0_in                                                  |                1 |              4 |
|  clkgen0/xc7l.v/O1                               | leon3gen.dsugen.dsu0/x0/n_0_r[be][0]_i_1                                |                                                              |                3 |              4 |
|  n_0_bufgclk45                                   | eth0.e1/m100.u0/ethc0/tx_rmii1.tx0/dv12_in                              | eth0.e1/m100.u0/ethc0/rx_rmii1.rx0/n_0_r[rxdp][3]_i_1        |                1 |              4 |
|  clkgen0/xc7l.v/O1                               | apb0/v[ctrl][txen]                                                      | eth0.e1/m100.u0/ethc0/tx_rmii1.tx0/tx_rst/O1                 |                3 |              4 |
|  clkgen0/xc7l.v/O1                               | apb0/v[rxen]                                                            | rst0/p_0_in                                                  |                3 |              4 |
|  clkgen0/xc7l.v/O1                               | leon3gen.cpu[0].u0/leon3x0/p0/iu/n_0_r[w][s][pil][3]_i_1                |                                                              |                1 |              4 |
|  clkgen0/xc7l.v/O1                               | leon3gen.cpu[0].u0/leon3x0/p0/iu/n_0_r[w][s][icc][3]_i_1                |                                                              |                3 |              4 |
|  clkgen0/xc7l.v/O1                               | eth0.e1/m100.u0/ethc0/n_0_r[capbil][4]_i_1                              |                                                              |                2 |              4 |
|  clkgen0/xc7l.v/O1                               | leon3gen.cpu[0].u0/leon3x0/p0/c0mmu/icache0/n_0_r[vaddress][3]_i_1      |                                                              |                2 |              4 |
|  n_0_bufgclk45                                   | eth0.e1/m100.u0/ethc0/tx_rmii1.tx0/n_0_r[rcnt][3]_i_1                   |                                                              |                1 |              4 |
|  clkgen0/xc7l.v/O1                               | eth0.e1/m100.u0/ethc0/n_0_r[ecnt][3]_i_1                                | rst0/p_0_in                                                  |                1 |              4 |
|  clkgen0/xc7l.v/O1                               | leon3gen.cpu[0].u0/leon3x0/p0/c0mmu/dcache0/O118                        | leon3gen.cpu[0].u0/leon3x0/p0/c0mmu/dcache0/O154             |                2 |              4 |
|  ahbjtaggen0.ahbjtag0/gtckbuf.tckbuf/xil.xil0/O1 |                                                                         | rst0/p_0_in                                                  |                3 |              4 |
|  n_0_bufgclk45                                   | eth0.e1/m100.u0/ethc0/tx_rmii1.tx0/n_0_r_reg[cnt][3]_i_1                | eth0.e1/m100.u0/ethc0/tx_rmii1.tx0/tx_rst/SR[0]              |                4 |              4 |
|  clkgen0/xc7l.v/O1                               | eth0.e1/m100.u0/ethc0/n_0_r[cnt][4]_i_1__0                              | rst0/p_0_in                                                  |                4 |              5 |
|  clkgen0/xc7l.v/O1                               | leon3gen.cpu[0].u0/leon3x0/p0/mgen.div0/n_0_r[cnt][4]_i_1               | leon3gen.cpu[0].u0/leon3x0/p0/c0mmu/dcache0/SR[0]            |                2 |              5 |
|  clkgen0/xc7l.v/O1                               | eth0.e1/m100.u0/ethc0/n_0_r[mdio_ctrl][regadr][4]_i_1                   | rst0/p_0_in                                                  |                4 |              5 |
|  clkgen0/xc7l.v/O1                               | apb0/O71                                                                | rst0/p_0_in                                                  |                2 |              5 |
|  clkgen0/xc7l.v/O1                               | ahb0/O62[0]                                                             |                                                              |                3 |              5 |
|  clkgen0/xc7l.v/O1                               | ua1.uart1/n_0_FSM_onehot_r[rxstate][4]_i_1                              | rst0/p_0_in                                                  |                2 |              5 |
|  n_0_bufgclk45                                   | eth0.e1/m100.u0/ethc0/tx_rmii1.tx0/n_0_r[retry_cnt][4]_i_1              | eth0.e1/m100.u0/n_0_FSM_onehot_r[def_state][5]_i_1           |                1 |              5 |
|  n_0_bufgclk45                                   | eth0.e1/m100.u0/ethc0/tx_rmii1.tx0/n_0_FSM_onehot_r[def_state][5]_i_2   | eth0.e1/m100.u0/n_0_FSM_onehot_r[def_state][5]_i_1           |                3 |              6 |
|  clkgen0/xc7l.v/O1                               | leon3gen.cpu[0].u0/leon3x0/p0/c0mmu/dcache0/O119                        | leon3gen.cpu[0].u0/leon3x0/p0/c0mmu/dcache0/O150             |                6 |              6 |
|  clkgen0/xc7l.v/O1                               | apb0/O148[0]                                                            | rst0/p_0_in                                                  |                3 |              6 |
|  clkgen0/xc7l.v/O1                               | dcomgen.dcom0/dcom0/n_0_FSM_onehot_r[state][5]_i_2__0                   | dcomgen.dcom0/dcom_uart0/SR[0]                               |                2 |              6 |
|  clkgen0/xc7l.v/O1                               | apb0/O141[0]                                                            | rst0/p_0_in                                                  |                4 |              6 |
|  clkgen0/xc7l.v/O1                               | leon3gen.cpu[0].u0/leon3x0/p0/mgen.div0/n_0_FSM_onehot_r[state][5]_i_2  | leon3gen.cpu[0].u0/leon3x0/p0/iu/SS[0]                       |                2 |              6 |
|  clkgen0/xc7l.v/O1                               | ua1.uart1/n_0_r[irqcnt][5]_i_1                                          | rst0/p_0_in                                                  |                2 |              6 |
|  clkgen0/xc7l.v/O1                               | dcomgen.dcom0/dcom0/n_0_r[len][5]_i_1                                   |                                                              |                3 |              6 |
|  clkgen0/xc7l.v/O1                               |                                                                         | rst0/O2                                                      |                4 |              6 |
|  n_0_bufgclk45                                   |                                                                         | eth0.e1/m100.u0/ethc0/tx_rmii1.tx0/tx_rst/O1                 |                1 |              6 |
|  clkgen0/xc7l.v/O1                               | eth0.e1/m100.u0/ethc0/n_0_FSM_onehot_r[regaddr][5]_i_1                  | rst0/p_0_in                                                  |                2 |              6 |
|  clkgen0/xc7l.v/O1                               | apb0/O93[0]                                                             |                                                              |                3 |              6 |
|  clkgen0/xc7l.v/O1                               | eth0.e1/m100.u0/ethc0/n_0_FSM_onehot_r[duplexstate][5]_i_1              | rst0/p_0_in                                                  |                3 |              6 |
|  clkgen0/xc7l.v/O1                               | eth0.e1/m100.u0/ethc0/ahb0/E[0]                                         | rst0/p_0_in                                                  |                3 |              7 |
|  clkgen0/xc7l.v/O1                               | dcomgen.dcom0/dcom_uart0/n_0_r[rshift][6]_i_2                           | dcomgen.dcom0/dcom_uart0/n_0_r[rshift][6]_i_1                |                2 |              7 |
|  clkgen0/xc7l.v/O1                               | leon3gen.cpu[0].u0/leon3x0/p0/iu/n_0_dsugen.dsur[tbufcnt][6]_i_1        |                                                              |                3 |              7 |
|  clkgen0/xc7l.v/O1                               | leon3gen.cpu[0].u0/leon3x0/p0/iu/I181[0]                                | leon3gen.cpu[0].u0/leon3x0/p0/c0mmu/dcache0/SR[0]            |                4 |              7 |
|  clkgen0/xc7l.v/O1                               |                                                                         | ahb0/n_0_r[hrdatam][24]_i_1                                  |                3 |              7 |
|  clkgen0/xc7l.v/O1                               | eth0.e1/m100.u0/ethc0/n_0_r[rcntl][6]_i_1                               | rst0/p_0_in                                                  |                6 |              7 |
|  clkgen0/xc7l.v/O1                               | eth0.e1/m100.u0/ethc0/n_0_r[rcntm][6]_i_1                               | rst0/p_0_in                                                  |                6 |              7 |
|  n_0_bufgclk45                                   | eth0.e1/m100.u0/ethc0/tx_rmii1.tx0/n_0_r[slot_count][6]_i_1             | eth0.e1/m100.u0/n_0_FSM_onehot_r[def_state][5]_i_1           |                2 |              7 |
|  clkgen0/xc7l.v/O1                               | eth0.e1/m100.u0/ethc0/n_0_r[tfrpnt][6]_i_1                              | rst0/p_0_in                                                  |                2 |              7 |
|  clkgen0/xc7l.v/O1                               | apb0/O151[0]                                                            | eth0.e1/m100.u0/ethc0/tx_rmii1.tx0/tx_rst/O1                 |                3 |              7 |
|  clkgen0/xc7l.v/O1                               | apb0/O150[0]                                                            | eth0.e1/m100.u0/ethc0/tx_rmii1.tx0/tx_rst/O1                 |                3 |              7 |
|  clkgen0/xc7l.v/O1                               | leon3gen.dsugen.dsu0/x0/n_0_tb0.tr[aindex][6]_i_1                       |                                                              |                3 |              7 |
|  clkgen0/xc7l.v/O1                               | leon3gen.dsugen.dsu0/x0/n_0_tb0.tr[delaycnt][6]_i_1                     |                                                              |                4 |              7 |
|  clkgen0/xc7l.v/O1                               | leon3gen.cpu[0].u0/leon3x0/p0/c0mmu/dcache0/O118                        | leon3gen.cpu[0].u0/leon3x0/p0/c0mmu/dcache0/O153             |                3 |              8 |
|  clkgen0/xc7l.v/O1                               | apb0/O149[0]                                                            | rst0/p_0_in                                                  |                4 |              8 |
|  clkgen0/xc7l.v/O1                               | leon3gen.cpu[0].u0/leon3x0/p0/c0mmu/dcache0/n_0_r[faddr][7]_i_2         | leon3gen.cpu[0].u0/leon3x0/p0/iu/O262[0]                     |                3 |              8 |
|  clkgen0/xc7l.v/O1                               | apb0/O142[0]                                                            | rst0/p_0_in                                                  |                6 |              8 |
|  clkgen0/xc7l.v/O1                               | apb0/O138[0]                                                            |                                                              |                3 |              8 |
| ~ahbjtaggen0.ahbjtag0/gtckbuf.tckbuf/xil.xil0/O1 | ahbjtaggen0.ahbjtag0/newcom.jtagcom0/n_0_tnr[addrlo][9]_i_1             |                                                              |                3 |              8 |
|  clkgen0/xc7l.v/O1                               | leon3gen.cpu[0].u0/leon3x0/p0/c0mmu/icache0/ico[hold]                   |                                                              |                4 |              8 |
|  clkgen0/xc7l.v/O1                               | apb0/O134[0]                                                            |                                                              |                2 |              8 |
|  clkgen0/xc7l.v/O1                               | apb0/O118[0]                                                            | rst0/p_0_in                                                  |                3 |              8 |
|  clkgen0/xc7l.v/O1                               | ua1.uart1/n_0_r[rshift][7]_i_2__0                                       | ua1.uart1/n_0_r[rshift][7]_i_1                               |                2 |              8 |
|  clkgen0/xc7l.v/O1                               | eth0.e1/m100.u0/ethc0/n_0_FSM_onehot_r[rxdstate][7]_i_2                 | eth0.e1/m100.u0/ethc0/tx_rmii1.tx0/tx_rst/O1                 |                4 |              8 |
|  clkgen0/xc7l.v/O1                               | apb0/O113[0]                                                            | rst0/p_0_in                                                  |                4 |              8 |
|  clkgen0/xc7l.v/O1                               | dcomgen.dcom0/dcom0/E[0]                                                |                                                              |                5 |              8 |
|  clkgen0/xc7l.v/O1                               | leon3gen.dsugen.dsu0/x0/E[0]                                            |                                                              |                6 |              8 |
|  clkgen0/xc7l.v/O1                               | leon3gen.cpu[0].u0/leon3x0/p0/iu/n_0_r[w][s][tt][7]_i_1                 | leon3gen.cpu[0].u0/leon3x0/p0/c0mmu/dcache0/O121             |                3 |              8 |
|  clkgen0/xc7l.v/O1                               | dcomgen.dcom0/dcom_uart0/n_0_r[rhold][7]_i_1                            |                                                              |                4 |              8 |
|  clkgen0/xc7l.v/O1                               | leon3gen.cpu[0].u0/leon3x0/p0/iu/O176[0]                                |                                                              |                5 |              8 |
|  clkgen0/xc7l.v/O1                               | mg2.sr1/n_0_r[writedata8][15]_i_2                                       | mg2.sr1/n_0_r[writedata8][15]_i_1                            |                2 |              8 |
|  clkgen0/xc7l.v/O1                               | mg2.sr1/n_0_r[writedata8][15]_i_2                                       | mg2.sr1/n_0_r[writedata8][7]_i_1                             |                2 |              8 |
|  clkgen0/xc7l.v/O1                               | leon3gen.cpu[0].u0/leon3x0/p0/c0mmu/icache0/n_0_r[valid][0][3]_i_1      |                                                              |                5 |              8 |
|  n_0_bufgclk45                                   | eth0.e1/m100.u0/ethc0/tx_rmii1.tx0/n_0_r[ifg_cycls][8]_i_1              | eth0.e1/m100.u0/n_0_FSM_onehot_r[def_state][5]_i_1           |                4 |              9 |
|  clkgen0/xc7l.v/O1                               | leon3gen.cpu[0].u0/leon3x0/p0/c0mmu/icache0/E[0]                        | leon3gen.cpu[0].u0/leon3x0/p0/iu/O238[0]                     |                3 |              9 |
|  clkgen0/xc7l.v/O1                               | apb0/v[rxen]                                                            |                                                              |                5 |              9 |
|  n_0_bufgclk45                                   | eth0.e1/m100.u0/ethc0/tx_rmii1.tx0/n_0_r[delay_val][9]_i_2              | eth0.e1/m100.u0/ethc0/tx_rmii1.tx0/tx_rst/SR[0]              |                5 |             10 |
|  clkgen0/xc7l.v/O1                               | ahb0/ahbi[hready]6_in                                                   | rst0/p_0_in                                                  |                7 |             10 |
|  n_0_bufgclk45                                   | eth0.e1/m100.u0/ethc0/rx_rmii1.rx0/n_0_FSM_onehot_r[rx_state][9]_i_1    | eth0.e1/m100.u0/n_0_FSM_onehot_r[def_state][5]_i_1           |                6 |             10 |
|  n_0_bufgclk45                                   | eth0.e1/m100.u0/ethc0/tx_rmii1.tx0/n_0_r[byte_count][10]_i_2            | eth0.e1/m100.u0/ethc0/tx_rmii1.tx0/n_0_r[byte_count][10]_i_1 |                4 |             11 |
|  n_0_bufgclk45                                   | eth0.e1/m100.u0/ethc0/rx_rmii1.rx0/n_0_r[byte_count][10]_i_1__0         | eth0.e1/m100.u0/n_0_FSM_onehot_r[def_state][5]_i_1           |                7 |             11 |
|  clkgen0/xc7l.v/O1                               | eth0.e1/m100.u0/ethc0/n_0_r[txlength][10]_i_1                           |                                                              |                6 |             11 |
|  clkgen0/xc7l.v/O1                               | eth0.e1/m100.u0/ethc0/n_0_r[rxcnt][10]_i_1                              | rst0/p_0_in                                                  |                7 |             11 |
|  clkgen0/xc7l.v/O1                               | ua1.uart1/n_0_r[scaler][11]_i_1__0                                      |                                                              |                4 |             12 |
|  clkgen0/xc7l.v/O1                               | apb0/O139                                                               |                                                              |                5 |             12 |
|  clkgen0/xc7l.v/O1                               | eth0.e1/m100.u0/ethc0/ahb0/O3                                           |                                                              |                5 |             12 |
|  clkgen0/xc7l.v/O1                               | eth0.e1/m100.u0/ethc0/n_0_FSM_onehot_r[mdio_state][11]_i_1              | rst0/p_0_in                                                  |                4 |             12 |
|  clkgen0/xc7l.v/O1                               | eth0.e1/m100.u0/ethc0/n_0_r[seq][0]_i_1                                 | rst0/p_0_in                                                  |                4 |             14 |
|  clkgen0/xc7l.v/O1                               | apb0/O96[0]                                                             | rst0/p_0_in                                                  |                7 |             15 |
|  clkgen0/xc7l.v/O1                               | eth0.e1/m100.u0/ethc0/n_0_FSM_onehot_r[edclrstate][14]_i_1              | eth0.e1/m100.u0/ethc0/tx_rmii1.tx0/tx_rst/O1                 |                7 |             15 |
|  clkgen0/xc7l.v/O1                               | apb0/O98[0]                                                             |                                                              |                9 |             15 |
|  n_0_bufgclk45                                   | eth0.e1/m100.u0/ethc0/tx_rmii1.tx0/n_0_FSM_onehot_r[main_state][14]_i_1 | eth0.e1/m100.u0/n_0_FSM_onehot_r[def_state][5]_i_1           |                5 |             15 |
|  clkgen0/xc7l.v/O1                               | mg2.sr1/r_reg[readdata]0                                                |                                                              |                8 |             16 |
|  n_0_bufgclk45                                   |                                                                         | eth0.e1/m100.u0/n_0_FSM_onehot_r[def_state][5]_i_1           |                5 |             16 |
|  clkgen0/xc7l.v/O1                               | apb0/O94[0]                                                             | rst0/p_0_in                                                  |                6 |             16 |
|  n_0_bufgclk45                                   | eth0.e1/m100.u0/ethc0/rx_rmii1.rx0/n_0_r[lentype][15]_i_1               | eth0.e1/m100.u0/n_0_FSM_onehot_r[def_state][5]_i_1           |                4 |             16 |
|  clkgen0/xc7l.v/O1                               | eth0.e1/m100.u0/ethc0/n_0_r[rmsto][data][18]_i_1                        |                                                              |                4 |             16 |
|  clkgen0/xc7l.v/O1                               | eth0.e1/m100.u0/ethc0/n_0_r[rmsto][data][18]_i_1                        | eth0.e1/m100.u0/ethc0/n_0_r[rmsto][data][31]_i_1             |                5 |             16 |
|  clkgen0/xc7l.v/O1                               | eth0.e1/m100.u0/ethc0/n_0_r[udpsrc][15]_i_1                             | rst0/p_0_in                                                  |               10 |             16 |
|  clkgen0/xc7l.v/O1                               | dcomgen.dcom0/dcom_uart0/n_0_r[brate][17]_i_1                           | rst0/p_0_in                                                  |               10 |             18 |
|  clkgen0/xc7l.v/O1                               | dcomgen.dcom0/dcom_uart0/n_0_r[scaler][17]_i_1                          | rst0/p_0_in                                                  |               15 |             18 |
|  clkgen0/xc7l.v/O1                               | eth0.e1/m100.u0/ethc0/n_0_r[ipcrc][17]_i_1                              |                                                              |                7 |             18 |
|  clkgen0/xc7l.v/O1                               | leon3gen.cpu[0].u0/leon3x0/p0/iu/n_0_r[w][s][tba][19]_i_1               | leon3gen.cpu[0].u0/leon3x0/p0/c0mmu/dcache0/O121             |                7 |             20 |
|  clkgen0/xc7l.v/O1                               | eth0.e1/m100.u0/ethc0/ahb0/O3                                           | eth0.e1/m100.u0/ethc0/ahb0/O22                               |                7 |             20 |
|  clkgen0/xc7l.v/O1                               | eth0.e1/m100.u0/ethc0/n_0_r[rxbytecount][10]_i_1                        | rst0/p_0_in                                                  |                8 |             22 |
|  clkgen0/xc7l.v/O1                               | apb0/O69[0]                                                             |                                                              |                8 |             22 |
|  clkgen0/xc7l.v/O1                               | apb0/E[0]                                                               |                                                              |                8 |             22 |
|  clkgen0/xc7l.v/O1                               | eth0.e1/m100.u0/ethc0/v[ewr]                                            | rst0/p_0_in                                                  |               14 |             22 |
|  clkgen0/xc7l.v/O1                               | ahb0/O29                                                                |                                                              |               10 |             23 |
|  clkgen0/xc7l.v/O1                               |                                                                         | leon3gen.cpu[0].u0/leon3x0/p0/c0mmu/dcache0/SR[0]            |               20 |             24 |
|  clkgen0/xc7l.v/O1                               | leon3gen.cpu[0].u0/leon3x0/p0/c0mmu/icache0/n_0_r[waddress][22]_i_1     |                                                              |               11 |             28 |
|  clkgen0/xc7l.v/O1                               |                                                                         | eth0.e1/m100.u0/ethc0/tx_rmii1.tx0/tx_rst/O1                 |               18 |             28 |
|  clkgen0/xc7l.v/O1                               | leon3gen.dsugen.dsu0/x0/n_0_tb0.tr[tbreg1][mask][31]_i_1                |                                                              |               11 |             30 |
|  clkgen0/xc7l.v/O1                               | leon3gen.dsugen.dsu0/x0/n_0_tb0.tr[tbreg2][addr][31]_i_1                |                                                              |               10 |             30 |
|  clkgen0/xc7l.v/O1                               | leon3gen.dsugen.dsu0/x0/n_0_tb0.tr[tbreg1][addr][31]_i_1                |                                                              |               10 |             30 |
|  clkgen0/xc7l.v/O1                               | leon3gen.dsugen.dsu0/x0/n_0_tb0.tr[tbreg2][mask][31]_i_1                |                                                              |               11 |             30 |
|  clkgen0/xc7l.v/O1                               | leon3gen.dsugen.dsu0/x0/n_0_r[timer][0]_i_1                             | rst0/p_0_in                                                  |                8 |             30 |
|  clkgen0/xc7l.v/O1                               | eth0.e1/m100.u0/ethc0/n_0_r[txaddr][31]_i_1                             | rst0/p_0_in                                                  |                9 |             30 |
|  clkgen0/xc7l.v/O1                               | leon3gen.cpu[0].u0/leon3x0/p0/c0mmu/dcache0/O120[0]                     |                                                              |               15 |             30 |
|  clkgen0/xc7l.v/O1                               | leon3gen.cpu[0].u0/leon3x0/p0/iu/n_0_irreg.ir[addr][31]_i_1             |                                                              |               20 |             30 |
|  clkgen0/xc7l.v/O1                               | eth0.e1/m100.u0/ethc0/n_0_r[rxaddr][31]_i_1                             | rst0/p_0_in                                                  |               11 |             30 |
|  n_0_bufgclk45                                   | eth0.e1/m100.u0/ethc0/tx_rmii1.tx0/n_0_r[crc][31]_i_2                   | eth0.e1/m100.u0/ethc0/tx_rmii1.tx0/n_0_r[crc][31]_i_1        |               10 |             31 |
|  clkgen0/xc7l.v/O1                               | eth0.e1/m100.u0/ethc0/ahb0/O5[0]                                        | rst0/p_0_in                                                  |               14 |             31 |
|  clkgen0/xc7l.v/O1                               | leon3gen.cpu[0].u0/leon3x0/p0/c0mmu/dcache0/O119                        | leon3gen.cpu[0].u0/leon3x0/p0/c0mmu/dcache0/O121             |               16 |             31 |
|  clkgen0/xc7l.v/O1                               | eth0.e1/m100.u0/ethc0/ahb0/O4[0]                                        | rst0/p_0_in                                                  |               17 |             31 |
|  clkgen0/xc7l.v/O1                               | apb0/O72[0]                                                             | rst0/p_0_in                                                  |                8 |             32 |
|  n_0_bufgclk45                                   | eth0.e1/m100.u0/ethc0/tx_rmii1.tx0/n_0_r[data][31]_i_1                  |                                                              |                7 |             32 |
|  n_0_bufgclk45                                   | eth0.e1/m100.u0/ethc0/rx_rmii1.rx0/n_0_r[crc][31]_i_1__0                |                                                              |               11 |             32 |
|  clkgen0/xc7l.v/O1                               | apb0/O122[0]                                                            |                                                              |               14 |             32 |
|  n_0_bufgclk45                                   | eth0.e1/m100.u0/ethc0/rx_rmii1.rx0/n_0_r[dataout][31]_i_1               |                                                              |                9 |             32 |
|  clkgen0/xc7l.v/O1                               | apb0/O115[0]                                                            |                                                              |               11 |             32 |
|  clkgen0/xc7l.v/O1                               | apb0/O114[0]                                                            |                                                              |               15 |             32 |
|  clkgen0/xc7l.v/O1                               | ahbjtaggen0.ahbjtag0/newcom.jtagcom0/n_0_ar[dreg][31]_i_1               | rst0/p_0_in                                                  |               11 |             32 |
|  clkgen0/xc7l.v/O1                               | leon3gen.dsugen.dsu0/x0/n_0_r[slv][hwdata][31]_i_1                      |                                                              |               13 |             32 |
|  clkgen0/xc7l.v/O1                               | leon3gen.dsugen.dsu0/x0/n_0_r[slv][hrdata][31]_i_1                      |                                                              |               16 |             32 |
|  clkgen0/xc7l.v/O1                               | apb0/n_0_r[pwdata][31]_i_1                                              |                                                              |               17 |             32 |
|  clkgen0/xc7l.v/O1                               | dcomgen.dcom0/dcom0/n_0_r[data][31]_i_1__1                              |                                                              |               16 |             32 |
|  clkgen0/xc7l.v/O1                               | leon3gen.cpu[0].u0/leon3x0/p0/iu/n_0_r[w][s][y][31]_i_1                 |                                                              |               17 |             32 |
|  clkgen0/xc7l.v/O1                               | eth0.e1/m100.u0/ethc0/n_0_r[checkdata][31]_i_1                          |                                                              |                7 |             32 |
|  clkgen0/xc7l.v/O1                               | gpt.timer0/n_0_r[timers][2][value][31]_i_1                              |                                                              |               13 |             32 |
|  clkgen0/xc7l.v/O1                               | leon3gen.cpu[0].u0/leon3x0/p0/c0mmu/dcache0/n_0_r[wb][data1][31]_i_1    | leon3gen.cpu[0].u0/leon3x0/p0/c0mmu/dcache0/SR[0]            |               10 |             32 |
|  clkgen0/xc7l.v/O1                               | leon3gen.cpu[0].u0/leon3x0/p0/c0mmu/dcache0/n_0_r[wb][data2][31]_i_1    | leon3gen.cpu[0].u0/leon3x0/p0/c0mmu/dcache0/SR[0]            |               15 |             32 |
| ~ahbjtaggen0.ahbjtag0/gtckbuf.tckbuf/xil.xil0/O1 | ahbjtaggen0.ahbjtag0/tap0/ac7v.u0/E[0]                                  |                                                              |                8 |             33 |
|  clkgen0/xc7l.v/O1                               | eth0.e1/m100.u0/ethc0/v[tfrpnt]1                                        |                                                              |               11 |             33 |
|  clkgen0/xc7l.v/O1                               | ahbjtaggen0.ahbjtag0/newcom.jtagcom0/n_0_ar_reg[qual_dreg]              | rst0/p_0_in                                                  |                8 |             35 |
|  clkgen0/xc7l.v/O1                               | leon3gen.cpu[0].u0/leon3x0/p0/c0mmu/dcache0/r_reg[read]0                |                                                              |               19 |             36 |
|  clkgen0/xc7l.v/O1                               | ahb0/ahbi[hready]6_in                                                   |                                                              |               19 |             42 |
|  clkgen0/xc7l.v/O1                               | eth0.e1/m100.u0/ethc0/write                                             |                                                              |                6 |             48 |
|  clkgen0/xc7l.v/O1                               | leon3gen.cpu[0].u0/leon3x0/p0/c0mmu/dcache0/O118                        |                                                              |               34 |             52 |
|  clkgen0/xc7l.v/O1                               | leon3gen.cpu[0].u0/leon3x0/p0/c0mmu/icache0/O10[0]                      |                                                              |               23 |             66 |
|  ahbjtaggen0.ahbjtag0/gtckbuf.tckbuf/xil.xil0/O1 |                                                                         |                                                              |               21 |             69 |
|  n_0_bufgclk45                                   |                                                                         |                                                              |               47 |             82 |
|  clkgen0/xc7l.v/O1                               |                                                                         | rst0/p_0_in                                                  |               65 |            115 |
|  clkgen0/xc7l.v/O1                               | leon3gen.cpu[0].u0/leon3x0/p0/c0mmu/dcache0/O119                        |                                                              |              308 |            677 |
|  clkgen0/xc7l.v/O1                               |                                                                         |                                                              |              680 |           1582 |
+--------------------------------------------------+-------------------------------------------------------------------------+--------------------------------------------------------------+------------------+----------------+


